has defaults:
  1: |
    podManagementPolicy: Parallel
    replicas: 1
    revisionHistoryLimit: 5
    selector:
      matchLabels:
        app.kubernetes.io/component: master
        app.kubernetes.io/instance: RELEASE-NAME
        app.kubernetes.io/name: elasticsearch
    serviceName: RELEASE-NAME-elasticsearch
    template:
      metadata:
        annotations:
          checksum/config: bc51dd1d3da33408bcadb1094cbbde7210a4dd7f7d5cf84408ba15a1faa50773
        labels:
          app.kubernetes.io/component: master
          app.kubernetes.io/instance: RELEASE-NAME
          app.kubernetes.io/name: elasticsearch
      spec:
        affinity:
          podAntiAffinity:
            preferredDuringSchedulingIgnoredDuringExecution:
            - podAffinityTerm:
                labelSelector:
                  matchExpressions:
                  - key: app.kubernetes.io/name
                    operator: In
                    values:
                    - elasticsearch
                  - key: app.kubernetes.io/component
                    operator: In
                    values:
                    - master
                topologyKey: failure-domain.beta.kubernetes.io/zone
              weight: 100
            requiredDuringSchedulingIgnoredDuringExecution:
            - labelSelector:
                matchExpressions:
                - key: app.kubernetes.io/name
                  operator: In
                  values:
                  - elasticsearch
                - key: app.kubernetes.io/component
                  operator: In
                  values:
                  - master
              topologyKey: kubernetes.io/hostname
        containers:
        - env:
          - name: ES_CLUSTER_NAME
            valueFrom:
              configMapKeyRef:
                key: es.cluster.name
                name: RELEASE-NAME-elasticsearch
          - name: ES_NODE_NAME
            value: ${HOSTNAME}
          - name: ES_NODE_MASTER
            value: "true"
          - name: ES_RAM_PERCENTAGE
            value: "25"
          - name: ES_DISCOVERY_ZEN_PING_UNICAST_HOSTS
            valueFrom:
              configMapKeyRef:
                key: es.discovery.zen.ping.unicast.hosts
                name: RELEASE-NAME-elasticsearch
          - name: ES_DISCOVERY_ZEN_MINIMUM_MASTER_NODES
            valueFrom:
              configMapKeyRef:
                key: es.discovery.zen.minimum.master.nodes
                name: RELEASE-NAME-elasticsearch
          - name: ES_GATEWAY_RECOVER_AFTER_DATA_NODES
            valueFrom:
              configMapKeyRef:
                key: es.gateway.recover_after_data_nodes
                name: RELEASE-NAME-elasticsearch
          - name: ES_GATEWAY_EXPECTED_DATA_NODES
            valueFrom:
              configMapKeyRef:
                key: es.gateway.expected_data_nodes
                name: RELEASE-NAME-elasticsearch
          - name: ES_GATEWAY_RECOVER_AFTER_TIME
            valueFrom:
              configMapKeyRef:
                key: es.gateway.recover_after_time
                name: RELEASE-NAME-elasticsearch
          image: fairfaxmedia/elasticsearch:v1.0.5-elasticsearch6.5.1
          imagePullPolicy: IfNotPresent
          lifecycle:
            preStop:
              exec:
                command:
                - /bin/kill
                - "-15"
                - "1"
          livenessProbe:
            httpGet:
              path: /_cluster/health?local=true
              port: http
            initialDelaySeconds: 300
          name: elasticsearch
          ports:
          - containerPort: 9200
            name: http
            protocol: TCP
          - containerPort: 9300
            name: transport
            protocol: TCP
          readinessProbe:
            httpGet:
              path: /_cluster/health?local=true
              port: http
          resources:
            limits:
              memory: 512Mi
            requests:
              cpu: 250m
              memory: 512Mi
          securityContext:
            capabilities:
              add:
              - IPC_LOCK
              - SYS_RESOURCE
          volumeMounts:
          - mountPath: /usr/share/elasticsearch/data
            name: data
            readOnly: false
          - mountPath: /usr/share/elasticsearch/config/elasticsearch_custom.yml
            name: settings
            readOnly: true
            subPath: elasticsearch_custom.yml
        initContainers: null
        securityContext:
          fsGroup: 1000
        serviceAccountName: RELEASE-NAME-elasticsearch
        volumes:
        - emptyDir: {}
          name: data
        - configMap:
            items:
            - key: es.settings
              path: elasticsearch_custom.yml
            name: RELEASE-NAME-elasticsearch
          name: settings
    updateStrategy:
      type: RollingUpdate
